
> orthodox-church-manager@0.1.0 build
> npx prisma generate && next build && node -e "const fs=require('fs'); fs.mkdirSync('.next/standalone/.next', {recursive:true}); fs.cpSync('public', '.next/standalone/public', {recursive:true, force:true}); fs.cpSync('.next/static', '.next/standalone/.next/static', {recursive:true, force:true});"

Environment variables loaded from .env
Prisma schema loaded from prisma\schema.prisma

✔ Generated Prisma Client (v6.19.3) to .\node_modules\@prisma\client in 1.24s

Start by importing your Prisma Client (See: https://pris.ly/d/importing-client)

Tip: Need your database queries to be 1000x faster? Accelerate offers you that and more: https://pris.ly/tip-2-accelerate

▲ Next.js 16.2.2 (Turbopack)
- Environments: .env

  Creating an optimized production build ...
✓ Compiled successfully in 46s
  Running TypeScript ...
Failed to type check.

./src/actions/onboarding.ts:39:7
Type error: Object literal may only specify known properties, and 'phone' does not exist in type 'Without<TempleCreateInput, TempleUncheckedCreateInput> & TempleUncheckedCreateInput'.

  [90m37 |[0m       address: data.address || [36mnull[0m,
  [90m38 |[0m       email: data.email || [36mnull[0m,
[31m[1m>[0m [90m39 |[0m       phone: data.phone || [36mnull[0m,
  [90m   |[0m       [31m[1m^[0m
  [90m40 |[0m       metropolisId: data.metropolisId,
  [90m41 |[0m     },
  [90m42 |[0m   })
Next.js build worker exited with code: 1 and signal: null
